AR multiplica behavioral /home/ise/laboratorio-sd/alu/multiplica.vhd sub00/vhpl18 1689723687
EN counter_seconds NULL /home/ise/laboratorio-sd/alu/counter_seconds.vhd sub00/vhpl15 1689723672
EN compl NULL /home/ise/laboratorio-sd/alu/compl.vhd sub00/vhpl06 1689723674
EN fa NULL /home/ise/laboratorio-sd/alu/fa.vhd sub00/vhpl00 1689723668
EN multiplica NULL /home/ise/laboratorio-sd/alu/multiplica.vhd sub00/vhpl17 1689723686
AR selecao behavioral /home/ise/laboratorio-sd/alu/Selecao.vhd sub00/vhpl05 1689723689
EN myand NULL /home/ise/laboratorio-sd/alu/myand.vhd sub00/vhpl19 1689723682
EN increment NULL /home/ise/laboratorio-sd/alu/increment.vhd sub00/vhpl10 1689723678
EN myxor NULL /home/ise/laboratorio-sd/alu/MyXOR.vhd sub00/vhpl21 1689723684
AR comparador behavioral /home/ise/laboratorio-sd/alu/comparador.vhd sub00/vhpl14 1689723681
AR subtraction behavioral /home/ise/laboratorio-sd/alu/subtraction.vhd sub00/vhpl09 1689723677
EN subtraction NULL /home/ise/laboratorio-sd/alu/subtraction.vhd sub00/vhpl08 1689723676
EN incremet NULL /home/ise/xixilinx/testes_ops_4/increment.vhd sub00/vhpl12 1689626829
AR fa behavioral /home/ise/laboratorio-sd/alu/fa.vhd sub00/vhpl01 1689723669
AR compl behavioral /home/ise/laboratorio-sd/alu/compl.vhd sub00/vhpl07 1689723675
AR fourbitfa behavioral /home/ise/laboratorio-sd/alu/fourbitfa.vhd sub00/vhpl03 1689723671
EN selecao NULL /home/ise/laboratorio-sd/alu/Selecao.vhd sub00/vhpl04 1689723688
AR myxor behavioral /home/ise/laboratorio-sd/alu/MyXOR.vhd sub00/vhpl22 1689723685
AR myand behavioral /home/ise/laboratorio-sd/alu/myand.vhd sub00/vhpl20 1689723683
EN comparador NULL /home/ise/laboratorio-sd/alu/comparador.vhd sub00/vhpl13 1689723680
AR increment behavioral /home/ise/laboratorio-sd/alu/increment.vhd sub00/vhpl11 1689723679
EN fourbitfa NULL /home/ise/laboratorio-sd/alu/fourbitfa.vhd sub00/vhpl02 1689723670
AR counter_seconds behavioral /home/ise/laboratorio-sd/alu/counter_seconds.vhd sub00/vhpl16 1689723673
