AR multiplica behavioral /home/ise/laboratorio-sd/alu/multiplica.vhd sub00/vhpl18 1689711124
EN counter_seconds NULL /home/ise/laboratorio-sd/alu/counter_seconds.vhd sub00/vhpl15 1689711113
EN compl NULL /home/ise/laboratorio-sd/alu/compl.vhd sub00/vhpl06 1689711115
EN fa NULL /home/ise/laboratorio-sd/alu/fa.vhd sub00/vhpl00 1689711109
EN multiplica NULL /home/ise/laboratorio-sd/alu/multiplica.vhd sub00/vhpl17 1689711123
AR selecao behavioral /home/ise/laboratorio-sd/alu/Selecao.vhd sub00/vhpl05 1689711126
EN increment NULL /home/ise/laboratorio-sd/alu/increment.vhd sub00/vhpl10 1689711119
AR comparador behavioral /home/ise/laboratorio-sd/alu/comparador.vhd sub00/vhpl14 1689711122
AR subtraction behavioral /home/ise/laboratorio-sd/alu/subtraction.vhd sub00/vhpl09 1689711118
EN subtraction NULL /home/ise/laboratorio-sd/alu/subtraction.vhd sub00/vhpl08 1689711117
EN incremet NULL /home/ise/xixilinx/testes_ops_4/increment.vhd sub00/vhpl12 1689626829
AR fa behavioral /home/ise/laboratorio-sd/alu/fa.vhd sub00/vhpl01 1689711110
AR compl behavioral /home/ise/laboratorio-sd/alu/compl.vhd sub00/vhpl07 1689711116
AR fourbitfa behavioral /home/ise/laboratorio-sd/alu/fourbitfa.vhd sub00/vhpl03 1689711112
EN selecao NULL /home/ise/laboratorio-sd/alu/Selecao.vhd sub00/vhpl04 1689711125
EN comparador NULL /home/ise/laboratorio-sd/alu/comparador.vhd sub00/vhpl13 1689711121
AR increment behavioral /home/ise/laboratorio-sd/alu/increment.vhd sub00/vhpl11 1689711120
EN fourbitfa NULL /home/ise/laboratorio-sd/alu/fourbitfa.vhd sub00/vhpl02 1689711111
AR counter_seconds behavioral /home/ise/laboratorio-sd/alu/counter_seconds.vhd sub00/vhpl16 1689711114
