EN fa NULL /home/sd/Documents/alu_nova/fa.vhd sub00/vhpl00 1686074491
AR fa behavioral /home/sd/Documents/alu_nova/fa.vhd sub00/vhpl01 1686074492
AR fourbitfa behavioral /home/sd/Documents/alu_nova/fourbitfa.vhd sub00/vhpl03 1686070962
EN selecao NULL /home/sd/Documents/alu_nova/Selecao.vhd sub00/vhpl04 1686074493
EN fourbitfa NULL /home/sd/Documents/alu_nova/fourbitfa.vhd sub00/vhpl02 1686070961
