--------------------------------------------------------------------------------
Release 14.7 Trace  (lin64)
Copyright (c) 1995-2013 Xilinx, Inc.  All rights reserved.

/opt/Xilinx/14.7/ISE_DS/ISE/bin/lin64/unwrapped/trce -intstyle ise -v 3 -s 5 -n
3 -fastpaths -xml Selecao.twx Selecao.ncd -o Selecao.twr Selecao.pcf -ucf
fa.ucf

Design file:              Selecao.ncd
Physical constraint file: Selecao.pcf
Device,package,speed:     xc3s700an,fgg484,-5 (PRODUCTION 1.42 2013-10-13)
Report level:             verbose report

Environment Variable      Effect 
--------------------      ------ 
NONE                      No environment variables were set
--------------------------------------------------------------------------------

INFO:Timing:2698 - No timing constraints found, doing default enumeration.
INFO:Timing:3412 - To improve timing, see the Timing Closure User Guide (UG612).
INFO:Timing:2752 - To get complete path coverage, use the unconstrained paths 
   option. All paths that are not constrained will be reported in the 
   unconstrained paths section(s) of the report.
INFO:Timing:3339 - The clock-to-out numbers in this timing report are based on 
   a 50 Ohm transmission line loading model.  For the details of this model, 
   and for more information on accounting for different loading conditions, 
   please see the device datasheet.
INFO:Timing:3390 - This architecture does not support a default System Jitter 
   value, please add SYSTEM_JITTER constraint to the UCF to modify the Clock 
   Uncertainty calculation.
INFO:Timing:3389 - This architecture does not support 'Discrete Jitter' and 
   'Phase Error' calculations, these terms will be zero in the Clock 
   Uncertainty calculation.  Please make appropriate modification to 
   SYSTEM_JITTER to account for the unsupported Discrete Jitter and Phase 
   Error.



Data Sheet report:
-----------------
All values displayed in nanoseconds (ns)

Clock CLOCK_50 to Pad
------------+------------+------------------+--------+
            | clk (edge) |                  | Clock  |
Destination |   to PAD   |Internal Clock(s) | Phase  |
------------+------------+------------------+--------+
Flg<0>      |   11.522(R)|CLOCK_50_BUFGP    |   0.000|
Flg<1>      |   11.967(R)|CLOCK_50_BUFGP    |   0.000|
Flg<2>      |   10.946(R)|CLOCK_50_BUFGP    |   0.000|
Flg<3>      |   11.530(R)|CLOCK_50_BUFGP    |   0.000|
Zop<0>      |   10.794(R)|CLOCK_50_BUFGP    |   0.000|
Zop<1>      |   11.053(R)|CLOCK_50_BUFGP    |   0.000|
Zop<2>      |   11.955(R)|CLOCK_50_BUFGP    |   0.000|
Zop<3>      |   11.995(R)|CLOCK_50_BUFGP    |   0.000|
------------+------------+------------------+--------+

Clock to Setup on destination clock CLOCK_50
---------------+---------+---------+---------+---------+
               | Src:Rise| Src:Fall| Src:Rise| Src:Fall|
Source Clock   |Dest:Rise|Dest:Rise|Dest:Fall|Dest:Fall|
---------------+---------+---------+---------+---------+
CLOCK_50       |    2.557|         |         |         |
---------------+---------+---------+---------+---------+

Pad to Pad
---------------+---------------+---------+
Source Pad     |Destination Pad|  Delay  |
---------------+---------------+---------+
Op<0>          |Flg<0>         |    8.563|
Op<0>          |Flg<1>         |    8.864|
Op<0>          |Flg<2>         |    8.179|
Op<0>          |Flg<3>         |    9.113|
Op<0>          |Zop<0>         |    7.775|
Op<0>          |Zop<1>         |    8.248|
Op<0>          |Zop<2>         |    9.079|
Op<0>          |Zop<3>         |    9.430|
Op<1>          |Flg<0>         |    8.657|
Op<1>          |Flg<1>         |    9.507|
Op<1>          |Flg<2>         |    8.290|
Op<1>          |Flg<3>         |    8.776|
Op<1>          |Zop<0>         |    8.962|
Op<1>          |Zop<1>         |    9.203|
Op<1>          |Zop<2>         |    9.980|
Op<1>          |Zop<3>         |    9.982|
Op<2>          |Flg<0>         |    8.409|
Op<2>          |Flg<1>         |    8.949|
Op<2>          |Flg<2>         |    8.116|
Op<2>          |Flg<3>         |    8.643|
Op<2>          |Zop<0>         |    8.649|
Op<2>          |Zop<1>         |    8.869|
Op<2>          |Zop<2>         |    8.980|
Op<2>          |Zop<3>         |    8.507|
---------------+---------------+---------+


Analysis completed Tue Jul 18 01:57:29 2023 
--------------------------------------------------------------------------------

Trace Settings:
-------------------------
Trace Settings 

Peak Memory Usage: 378 MB



